---
source: src/tests/integration/basic.rs
expression: snapshot_before_quit
---
line18-b
line19-b
prompt $
 â–ˆ      
